---
source: apps/lazyaiden-tui/tests/render.rs
expression: shot(&t)
---
┌ 1 Profiles ────────────────────────────┐┌ Schedule ────────────────────────────────────────────────────────┐
│✓ [C] For Schedule                      ││Nothing selected.                                                 │
│                                        ││                                                                  │
│                                        ││                                                                  │
│                                        ││                                                                  │
│                                        ││                                                                  │
│                                        ││                                                                  │
│                                        ││                                                                  │
│                                        ││                                                                  │
│                                        ││                                                                  │
│              ┌ New schedule ────────────────────────────────────────────────────────────────┐              │
│              │Profile (←/→)             ‹ For Schedule (p1) ›                               │              │
│              │Days (mon-fri, sat,sun)   nope▏  ✗ use e.g. mon-fri, sat,sun, weekdays, daily │              │
└──────────────│Time (07:30 / 7:30am)     07:30                                               │              │
┌ 2 Schedules ─│Water (ml, 150–1500)      500                                                 │              │
│              │Enabled                   [x] on                                              │              │
│              │                                                                              │              │
│              │1 problem(s)                                                                  │              │
│              │                                                                              │              │
│              └──────────────────────────────────────────────────────────────────────────────┘              │
│                                        ││                                                                  │
│                                        ││                                                                  │
└────────────────────────────────────────┘│                                                                  │
┌ 3 Device ──────────────────────────────┐│                                                                  │
│▸ Aiden (b1)                            ││                                                                  │
│                                        ││                                                                  │
│                                        ││                                                                  │
│                                        ││                                                                  │
└────────────────────────────────────────┘└──────────────────────────────────────────────────────────────────┘
Tab/↓ next  ↑ prev  Space toggle  Ctrl-S save  Esc cancel                                           Aiden (b1)
