---
source: apps/lazyaiden-tui/tests/render.rs
expression: shot(&t)
---
┌ 1 Profiles ────────────────────────────┐┌ Details ─────────────────────────────────────────────────────────┐
│ No profiles yet: n new, i import, P pu ││Nothing selected.                                                 │
│                                        ││                                                                  │
│                                        ││                                                                  │
│                                        ││                                                                  │
│                                        ││                                                                  │
│                                        ││                                                                  │
│                                        ││                                                                  │
│                                        ││                                                                  │
│                                        ││                                                                  │
│                                        ││                                                                  │
│                                        ││                                                                  │
│                                        ││                                                                  │
└────────────────────────────────────────┘│                                                                  │
┌ 2 Schedules ───────────────────────────┐│                                                                  │
│                                        ││                                                                  │
│                                        ││                                                                  │
│                                        ││                                                                  │
│                                        ││                                                                  │
│                                        ││                                                                  │
│                                        ││                                                                  │
│                                        ││                                                                  │
└────────────────────────────────────────┘│                                                                  │
┌ 3 Device ──────────────────────────────┐│                                                                  │
│▸ Aiden (b1)                            ││                                                                  │
│                                        ││                                                                  │
│                                        ││                                                                  │
│                                        ││                                                                  │
└────────────────────────────────────────┘└──────────────────────────────────────────────────────────────────┘
n new  e edit  p push  P pull  d delete  s share  f Fellow  ? help  q quit                          Aiden (b1)
